// Jest Snapshot v1, https://goo.gl/fbAQLP

exports[`<Overlay /> renders successfullly 1`] = `
.c0 {
  background: rgba(0,0,0,0.65);
  box-sizing: border-box;
  color: white;
  left: 0;
  bottom: 0;
  padding: 0.6875rem 0.8125rem;
  position: absolute;
  height: 100%;
  width: 100%;
  z-index: 100;
}

<div
  className="c0"
/>
`;
